{
  "data" : {
    "model" : {
      "targetColumn" : "Universe_1_0",
      "trainingAttributes" : {
        "trainingAttributesMode" : "COLUMNS"
      },
      "attributeColumns" : {
        "mode" : "MANUAL",
        "patternFilter" : {
          "pattern" : "",
          "isCaseSensitive" : false,
          "isInverted" : false
        },
        "manualFilter" : {
          "manuallySelected" : [ ],
          "manuallyDeselected" : [ ],
          "includeUnknownColumns" : true
        },
        "typeFilter" : {
          "selectedTypes" : [ ],
          "typeDisplays" : [ ]
        }
      },
      "ignoreColumnsWithoutDomain" : true,
      "missingValueHandling" : "XGBOOST",
      "splitCriterion" : "INFORMATION_GAIN_RATIO",
      "useAverageSplitPoints" : true,
      "useBinaryNominalSplits" : true,
      "maxTreeDepth" : 4,
      "minNodeSizes" : {
        "minNodeSize" : null,
        "minChildNodeSize" : null
      },
      "hardCodedRootColumn" : null,
      "rowSamplingFraction" : {
        "enabled" : false,
        "fraction" : 1.0
      },
      "rowSamplingWithReplacement" : false,
      "rowSamplingMode" : "RANDOM",
      "numberOfModels" : 100,
      "columnSamplingMode" : "NONE",
      "columnFractionLinear" : 1.0,
      "columnAbsolute" : 10,
      "attributeReuse" : "SAME_FOR_TREE",
      "seed" : "1764585560353",
      "hiliteCount" : null,
      "saveTargetDistributionInNodes" : false,
      "gradientBoostingParams" : {
        "learningRate" : 0.1,
        "alpha" : 0.95
      }
    }
  },
  "schema" : {
    "type" : "object",
    "properties" : {
      "model" : {
        "type" : "object",
        "properties" : {
          "attributeColumns" : {
            "type" : "object",
            "properties" : {
              "manualFilter" : {
                "type" : "object",
                "properties" : {
                  "includeUnknownColumns" : {
                    "type" : "boolean",
                    "default" : false
                  },
                  "manuallyDeselected" : {
                    "type" : "array",
                    "items" : {
                      "type" : "string"
                    }
                  },
                  "manuallySelected" : {
                    "type" : "array",
                    "items" : {
                      "type" : "string"
                    }
                  }
                },
                "default" : {
                  "manuallySelected" : [ ],
                  "manuallyDeselected" : [ ],
                  "includeUnknownColumns" : false
                }
              },
              "mode" : {
                "oneOf" : [ {
                  "const" : "MANUAL",
                  "title" : "Manual"
                }, {
                  "const" : "REGEX",
                  "title" : "Regex"
                }, {
                  "const" : "WILDCARD",
                  "title" : "Wildcard"
                }, {
                  "const" : "TYPE",
                  "title" : "Type"
                } ],
                "default" : "MANUAL"
              },
              "patternFilter" : {
                "type" : "object",
                "properties" : {
                  "isCaseSensitive" : {
                    "type" : "boolean",
                    "default" : false
                  },
                  "isInverted" : {
                    "type" : "boolean",
                    "default" : false
                  },
                  "pattern" : {
                    "type" : "string",
                    "default" : ""
                  }
                },
                "default" : {
                  "pattern" : "",
                  "isCaseSensitive" : false,
                  "isInverted" : false
                }
              },
              "selected" : {
                "type" : "array",
                "items" : {
                  "type" : "string"
                }
              },
              "typeFilter" : {
                "type" : "object",
                "properties" : {
                  "selectedTypes" : {
                    "default" : [ ],
                    "type" : "array",
                    "items" : {
                      "type" : "string"
                    }
                  }
                },
                "default" : {
                  "selectedTypes" : [ ],
                  "typeDisplays" : [ ]
                }
              }
            },
            "title" : "Attribute selection",
            "default" : {
              "mode" : "MANUAL",
              "patternFilter" : {
                "pattern" : "",
                "isCaseSensitive" : false,
                "isInverted" : false
              },
              "manualFilter" : {
                "manuallySelected" : [ ],
                "manuallyDeselected" : [ ],
                "includeUnknownColumns" : true
              },
              "typeFilter" : {
                "selectedTypes" : [ ],
                "typeDisplays" : [ ]
              }
            }
          },
          "attributeReuse" : {
            "oneOf" : [ {
              "const" : "SAME_FOR_TREE",
              "title" : "Use same set of attributes for entire tree"
            }, {
              "const" : "DIFFERENT_FOR_EACH_NODE",
              "title" : "Use different set of attributes for each tree node"
            } ],
            "title" : "Attribute selection",
            "description" : "<p>\n  <i>Use the same set of attributes for each tree</i>\n  means that the attributes are sampled once for each tree\n  and this sample is then used to construct the tree.\n</p>\n<p>\n  <i>Use a different set of attributes for each tree node</i>\n  samples a different set of candidate attributes in each of the tree nodes\n  from which the optimal one is chosen to perform the split.\n  This is the option used in random forests.\n</p>\n",
            "default" : "SAME_FOR_TREE"
          },
          "columnAbsolute" : {
            "type" : "integer",
            "format" : "int32",
            "title" : "Absolute number",
            "description" : "Number of attributes to sample for each tree.\n",
            "default" : 10
          },
          "columnFractionLinear" : {
            "type" : "number",
            "format" : "double",
            "title" : "Linear fraction",
            "description" : "Fraction of attributes to sample for each tree.\n",
            "default" : 1.0
          },
          "columnSamplingMode" : {
            "oneOf" : [ {
              "const" : "NONE",
              "title" : "All columns"
            }, {
              "const" : "SQUARE_ROOT",
              "title" : "Square root"
            }, {
              "const" : "LINEAR",
              "title" : "Linear fraction"
            }, {
              "const" : "ABSOLUTE",
              "title" : "Absolute number"
            } ],
            "title" : "Attribute sampling (columns)",
            "description" : "Defines the sampling of attributes to learn an individual tree. This can either be a function based on the\nnumber of attributes (linear fraction or square root) or some absolute value. The latter can be used in\nconjunction with flow variables to inject some other value derived from the number of attributes (e.g.\nBreiman suggests starting with the square root of the number of attributes but also to try to double or\nhalf that number).\n\n<ul>\n<li><b>All columns</b>: Disable column sampling and use all available attributes for every tree.\n</li>\n<li><b>Square root</b>: Sample the square root of the number of available attributes for each tree (default random forest behaviour).\n</li>\n<li><b>Linear fraction</b>: Sample a fraction of the available attributes for each tree.\n</li>\n<li><b>Absolute number</b>: Sample a fixed number of attributes for each tree.\n</li>\n</ul>",
            "default" : "NONE"
          },
          "gradientBoostingParams" : {
            "type" : "object",
            "properties" : {
              "alpha" : {
                "type" : "number",
                "format" : "double",
                "title" : "Alpha fraction",
                "description" : "Alpha controls what percentage of the data will be considered as outliers. The higher Alpha\nthe smaller the fraction of outliers. If Alpha is set to 1.0, the algorithm will consider no\npoint to be an outlier. This is discouraged however because outliers can have fatal effects\non regression.\n",
                "default" : 0.95
              },
              "learningRate" : {
                "type" : "number",
                "format" : "double",
                "title" : "Learning rate",
                "description" : "The learning rate influences how much influence a single model has on the ensemble result.\nUsually a value of 0.1 is a good starting point but the best learning rate also depends on the\nnumber of models. The more models the ensemble contains the lower the learning rate has to be.\n",
                "default" : 0.1
              }
            },
            "default" : {
              "learningRate" : 0.1,
              "alpha" : 0.95
            }
          },
          "hardCodedRootColumn" : {
            "type" : [ "string", "null" ],
            "default" : null
          },
          "hiliteCount" : {
            "type" : [ "integer", "null" ],
            "format" : "int32",
            "default" : null
          },
          "ignoreColumnsWithoutDomain" : {
            "type" : "boolean",
            "default" : true
          },
          "maxTreeDepth" : {
            "type" : [ "integer", "null" ],
            "format" : "int32",
            "title" : "Limit number of levels (tree depth)",
            "description" : "Limit the maximal number of tree levels. When disabled the tree depth is unbounded.\nFor instance, a value of 1 would only split the (single) root node resulting in a decision stump\n",
            "default" : 4
          },
          "minNodeSizes" : {
            "type" : "object",
            "properties" : {
              "minChildNodeSize" : {
                "type" : [ "integer", "null" ],
                "format" : "int32",
                "default" : null
              },
              "minNodeSize" : {
                "type" : [ "integer", "null" ],
                "format" : "int32",
                "default" : null
              }
            },
            "default" : {
              "minNodeSize" : null,
              "minChildNodeSize" : null
            }
          },
          "missingValueHandling" : {
            "oneOf" : [ {
              "const" : "XGBOOST",
              "title" : "XGBoost"
            }, {
              "const" : "SURROGATE",
              "title" : "Surrogate"
            } ],
            "title" : "Missing value handling",
            "description" : "Specify how missing values should be handled during training.\n\n<ul>\n<li><b>XGBoost</b>: If this is selected (it is also the default), the learner will calculate which direction is best suited for missing values, by sending the missing values in each direction of a split. The direction that yields the best result (i.e. largest gain) is then used as default direction for missing values. This method works with both, binary and multiway splits.</li>\n<li><b>Surrogate</b>: This approach calculates for each split alternative splits that best approximate the best split. The method was first described in the book \"Classification and Regression Trees\" by Breiman et al. (1984). NOTE: This method can only be used with binary nominal splits.</li>\n</ul>",
            "default" : "XGBOOST"
          },
          "newSeed" : {
            "type" : "object",
            "title" : "Generate new seed",
            "description" : "Generate a random seed and apply it to the field above for reproducible runs."
          },
          "numberOfModels" : {
            "type" : "integer",
            "format" : "int32",
            "title" : "Number of models",
            "description" : "Number of decision trees to learn.\nLarger ensembles generally provide more stable results but increase runtime.\nFor most datasets, a value between 100 and 500 yields good results; however, the optimal number is data\ndependent and should thus be subject to hyperparameter tuning.\n",
            "default" : 100
          },
          "rowSamplingFraction" : {
            "type" : "object",
            "properties" : {
              "enabled" : {
                "type" : "boolean",
                "title" : "Enable row sampling",
                "description" : "Enable sampling of training rows for each individual tree. If disabled, each tree learner gets the full dataset, otherwise each tree is learned with a different data sample.  A data fraction of 1 (=100%) chosen \"with replacement\" is called bootstrapping.  For sufficiently large datasets this bootstrap sample contains about 2/3  different data rows from the input, some of which are replicated multiple times.  Rows that are not used in the training of a tree are called out-of-bag. ",
                "default" : false
              },
              "fraction" : {
                "type" : "number",
                "format" : "double",
                "title" : "Fraction of data to learn single model",
                "description" : "Fraction of data rows to sample for learning each individual tree. A value of 1 means 100% of the data rows are sampled. ",
                "default" : 1.0
              }
            },
            "default" : {
              "enabled" : false,
              "fraction" : 1.0
            }
          },
          "rowSamplingMode" : {
            "oneOf" : [ {
              "const" : "RANDOM",
              "title" : "Random"
            }, {
              "const" : "STRATIFIED",
              "title" : "Stratified"
            }, {
              "const" : "EQUAL_SIZE",
              "title" : "Equal size"
            } ],
            "default" : "RANDOM"
          },
          "rowSamplingWithReplacement" : {
            "type" : "boolean",
            "title" : "Sample with replacement",
            "description" : "Draw sampled rows with replacement (bootstrap sampling). When disabled, rows are sampled without replacement.\n",
            "default" : false
          },
          "saveTargetDistributionInNodes" : {
            "type" : "boolean",
            "default" : false
          },
          "seed" : {
            "type" : [ "string", "null" ],
            "title" : "Use static random seed",
            "description" : "Provide a seed to obtain deterministic results. Leave disabled to use a time-dependent seed.\n",
            "default" : "1764585560353"
          },
          "splitCriterion" : {
            "oneOf" : [ {
              "const" : "INFORMATION_GAIN",
              "title" : "Information Gain"
            }, {
              "const" : "INFORMATION_GAIN_RATIO",
              "title" : "Information Gain Ratio"
            }, {
              "const" : "GINI",
              "title" : "Gini"
            } ],
            "default" : "INFORMATION_GAIN_RATIO"
          },
          "targetColumn" : {
            "type" : "string",
            "title" : "Target column",
            "description" : "Select the column containing the value to be learned. Rows with missing values in this column are ignored during the learning process.\n",
            "default" : "Universe_1_0"
          },
          "trainingAttributes" : {
            "type" : "object",
            "properties" : {
              "fingerprintColumn" : {
                "type" : "string",
                "title" : "Fingerprint attribute",
                "description" : "Use a fingerprint (bit, byte, or double vector) column to learn the model. Each entry of the vector is treated as a separate attribute. All vectors must share the same length.\n"
              },
              "trainingAttributesMode" : {
                "oneOf" : [ {
                  "const" : "COLUMNS",
                  "title" : "Use column"
                }, {
                  "const" : "FINGERPRINT",
                  "title" : "Use fingerprint"
                } ],
                "title" : "Training attributes",
                "description" : "Choose whether to derive attributes from a fingerprint vector column or from ordinary table columns.\n\n<ul>\n<li><b>Use column</b>: Select ordinary columns and configure include/exclude rules for training attributes.\n</li>\n<li><b>Use fingerprint</b>: Expand a fingerprint (bit, byte, or double vector) column into individual attributes during training.\n</li>\n</ul>",
                "default" : "COLUMNS"
              }
            },
            "default" : {
              "trainingAttributesMode" : "COLUMNS"
            }
          },
          "useAverageSplitPoints" : {
            "type" : "boolean",
            "title" : "Use mid-point splits",
            "description" : "For numerical splits, use the mid-point between two class boundaries. Otherwise the split value corresponds to the lower boundary with a ≤ comparison.\n",
            "default" : true
          },
          "useBinaryNominalSplits" : {
            "type" : "boolean",
            "title" : "Use binary splits for nominal columns",
            "description" : "If selected, nominal columns also produce binary splits instead of multiway splits in which each\nnominal value corresponds to one child node.\n",
            "default" : true
          }
        }
      }
    }
  },
  "ui_schema" : {
    "elements" : [ {
      "label" : "Attribute Selection",
      "type" : "Section",
      "elements" : [ {
        "type" : "Control",
        "scope" : "#/properties/model/properties/targetColumn",
        "options" : {
          "format" : "dropDown"
        },
        "providedOptions" : [ "possibleValues" ]
      }, {
        "type" : "Control",
        "scope" : "#/properties/model/properties/trainingAttributes/properties/trainingAttributesMode",
        "options" : {
          "format" : "valueSwitch"
        }
      }, {
        "type" : "Control",
        "scope" : "#/properties/model/properties/trainingAttributes/properties/fingerprintColumn",
        "options" : {
          "format" : "dropDown"
        },
        "providedOptions" : [ "possibleValues" ],
        "rule" : {
          "effect" : "SHOW",
          "condition" : {
            "scope" : "#/properties/model/properties/trainingAttributes/properties/trainingAttributesMode",
            "schema" : {
              "oneOf" : [ {
                "const" : "FINGERPRINT"
              } ]
            }
          }
        }
      }, {
        "type" : "Control",
        "scope" : "#/properties/model/properties/attributeColumns",
        "options" : {
          "format" : "typedStringFilter",
          "unknownValuesText" : "Any unknown column",
          "emptyStateLabel" : "No columns in this list.",
          "hideTypeFilter" : true
        },
        "providedOptions" : [ "possibleValues" ],
        "rule" : {
          "effect" : "SHOW",
          "condition" : {
            "scope" : "#/properties/model/properties/trainingAttributes/properties/trainingAttributesMode",
            "schema" : {
              "oneOf" : [ {
                "const" : "COLUMNS"
              } ]
            }
          }
        }
      } ]
    }, {
      "label" : "Tree Options",
      "type" : "Section",
      "elements" : [ {
        "type" : "Control",
        "scope" : "#/properties/model/properties/missingValueHandling"
      }, {
        "type" : "Control",
        "scope" : "#/properties/model/properties/useAverageSplitPoints",
        "options" : {
          "format" : "checkbox"
        }
      }, {
        "type" : "Control",
        "scope" : "#/properties/model/properties/useBinaryNominalSplits",
        "options" : {
          "format" : "checkbox"
        }
      }, {
        "type" : "Control",
        "scope" : "#/properties/model/properties/maxTreeDepth",
        "options" : {
          "validation" : {
            "max" : {
              "errorMessage" : "The value must not exceed 2147483647.",
              "parameters" : {
                "isExclusive" : false,
                "max" : 2.147483647E9
              }
            },
            "min" : {
              "errorMessage" : "The value must be at least 1.",
              "parameters" : {
                "isExclusive" : false,
                "min" : 1.0
              }
            }
          },
          "hideOnNull" : true
        },
        "providedOptions" : [ "default" ]
      } ]
    }, {
      "label" : "Data Sampling",
      "type" : "Section",
      "elements" : [ {
        "type" : "Control",
        "scope" : "#/properties/model/properties/rowSamplingFraction/properties/enabled",
        "options" : {
          "format" : "checkbox"
        }
      }, {
        "type" : "Control",
        "scope" : "#/properties/model/properties/rowSamplingFraction/properties/fraction",
        "options" : {
          "validation" : {
            "max" : {
              "errorMessage" : "The value must not exceed 1.",
              "parameters" : {
                "isExclusive" : false,
                "max" : 1.0
              }
            },
            "min" : {
              "errorMessage" : "The value must be greater than 0.",
              "parameters" : {
                "isExclusive" : true,
                "min" : 0.0
              }
            }
          }
        },
        "rule" : {
          "effect" : "SHOW",
          "condition" : {
            "scope" : "#/properties/model/properties/rowSamplingFraction/properties/enabled",
            "schema" : {
              "const" : true
            }
          }
        }
      }, {
        "type" : "Control",
        "scope" : "#/properties/model/properties/rowSamplingWithReplacement",
        "options" : {
          "format" : "checkbox"
        },
        "rule" : {
          "effect" : "SHOW",
          "condition" : {
            "scope" : "#/properties/model/properties/rowSamplingFraction/properties/enabled",
            "schema" : {
              "const" : true
            }
          }
        }
      } ]
    }, {
      "label" : "Ensemble Configuration",
      "type" : "Section",
      "elements" : [ {
        "type" : "Control",
        "scope" : "#/properties/model/properties/numberOfModels",
        "options" : {
          "validation" : {
            "max" : {
              "errorMessage" : "The value must not exceed 2147483647.",
              "parameters" : {
                "isExclusive" : false,
                "max" : 2.147483647E9
              }
            },
            "min" : {
              "errorMessage" : "The value must be at least 1.",
              "parameters" : {
                "isExclusive" : false,
                "min" : 1.0
              }
            }
          }
        }
      }, {
        "type" : "Control",
        "scope" : "#/properties/model/properties/gradientBoostingParams/properties/learningRate",
        "options" : {
          "stepSize" : 0.05,
          "validation" : {
            "max" : {
              "errorMessage" : "The value must not exceed 1.",
              "parameters" : {
                "isExclusive" : false,
                "max" : 1.0
              }
            },
            "min" : {
              "errorMessage" : "The value must be at least 0.",
              "parameters" : {
                "isExclusive" : false,
                "min" : 0.0
              }
            }
          }
        }
      }, {
        "type" : "Control",
        "scope" : "#/properties/model/properties/gradientBoostingParams/properties/alpha",
        "options" : {
          "stepSize" : 0.05,
          "validation" : {
            "max" : {
              "errorMessage" : "The value must not exceed 1.",
              "parameters" : {
                "isExclusive" : false,
                "max" : 1.0
              }
            },
            "min" : {
              "errorMessage" : "The value must be at least 0.",
              "parameters" : {
                "isExclusive" : false,
                "min" : 0.0
              }
            }
          }
        }
      }, {
        "type" : "Control",
        "scope" : "#/properties/model/properties/columnSamplingMode"
      }, {
        "type" : "Control",
        "scope" : "#/properties/model/properties/columnFractionLinear",
        "options" : {
          "validation" : {
            "max" : {
              "errorMessage" : "The value must not exceed 1.",
              "parameters" : {
                "isExclusive" : false,
                "max" : 1.0
              }
            },
            "min" : {
              "errorMessage" : "The value must be greater than 0.",
              "parameters" : {
                "isExclusive" : true,
                "min" : 0.0
              }
            }
          }
        },
        "rule" : {
          "effect" : "SHOW",
          "condition" : {
            "scope" : "#/properties/model/properties/columnSamplingMode",
            "schema" : {
              "oneOf" : [ {
                "const" : "LINEAR"
              } ]
            }
          }
        }
      }, {
        "type" : "Control",
        "scope" : "#/properties/model/properties/columnAbsolute",
        "options" : {
          "validation" : {
            "max" : {
              "errorMessage" : "The value must not exceed 2147483647.",
              "parameters" : {
                "isExclusive" : false,
                "max" : 2.147483647E9
              }
            },
            "min" : {
              "errorMessage" : "The value must be at least 1.",
              "parameters" : {
                "isExclusive" : false,
                "min" : 1.0
              }
            }
          }
        },
        "rule" : {
          "effect" : "SHOW",
          "condition" : {
            "scope" : "#/properties/model/properties/columnSamplingMode",
            "schema" : {
              "oneOf" : [ {
                "const" : "ABSOLUTE"
              } ]
            }
          }
        }
      }, {
        "type" : "Control",
        "scope" : "#/properties/model/properties/attributeReuse",
        "options" : {
          "format" : "radio",
          "radioLayout" : "vertical"
        }
      } ]
    }, {
      "label" : "Advanced",
      "type" : "Section",
      "options" : {
        "isAdvanced" : true
      },
      "elements" : [ {
        "type" : "Control",
        "scope" : "#/properties/model/properties/seed",
        "options" : {
          "hideOnNull" : true
        },
        "providedOptions" : [ "default" ]
      }, {
        "type" : "Control",
        "scope" : "#/properties/model/properties/newSeed",
        "options" : {
          "format" : "simpleButton",
          "triggerId" : "org.knime.base.node.mine.treeensemble2.node.learner.parameters.AbstractTreeLearnerOptions$NewSeedButtonRef"
        }
      } ]
    } ]
  },
  "persist" : {
    "type" : "object",
    "properties" : {
      "model" : {
        "type" : "object",
        "properties" : {
          "targetColumn" : {
            "configKey" : "targetColumn"
          },
          "trainingAttributes" : {
            "configPaths" : [ [ "fingerprintColumn" ] ]
          },
          "attributeColumns" : {
            "configPaths" : [ [ "columnFilterConfig", "filter-type" ], [ "columnFilterConfig", "included_names" ], [ "columnFilterConfig", "excluded_names" ], [ "columnFilterConfig", "enforce_option" ], [ "columnFilterConfig", "name_pattern", "pattern" ], [ "columnFilterConfig", "name_pattern", "type" ], [ "columnFilterConfig", "name_pattern", "caseSensitive" ], [ "columnFilterConfig", "name_pattern", "excludeMatching" ] ]
          },
          "ignoreColumnsWithoutDomain" : {
            "configKey" : "ignoreColumnsWithoutDomain"
          },
          "missingValueHandling" : {
            "configPaths" : [ [ "missingValueHandling" ] ]
          },
          "splitCriterion" : {
            "configPaths" : [ [ "splitCriterion" ] ]
          },
          "useAverageSplitPoints" : {
            "configKey" : "useAverageSplitPoints"
          },
          "useBinaryNominalSplits" : {
            "configKey" : "useBinaryNominalSplits"
          },
          "maxTreeDepth" : {
            "configPaths" : [ [ "maxLevels" ] ]
          },
          "minNodeSizes" : {
            "type" : "object",
            "properties" : {
              "minNodeSize" : {
                "configPaths" : [ [ "minNodeSize" ] ]
              },
              "minChildNodeSize" : {
                "configPaths" : [ [ "minChildSize" ] ]
              }
            },
            "propertiesRoute" : [ ".." ]
          },
          "hardCodedRootColumn" : {
            "configPaths" : [ [ "hardCodedRootColumn" ] ]
          },
          "rowSamplingFraction" : {
            "configPaths" : [ [ "dataFraction" ] ]
          },
          "rowSamplingWithReplacement" : {
            "configKey" : "isDataSelectionWithReplacement"
          },
          "rowSamplingMode" : {
            "configPaths" : [ [ "rowSamplingMode" ] ]
          },
          "numberOfModels" : {
            "configKey" : "nrModels"
          },
          "columnSamplingMode" : {
            "configPaths" : [ [ "columnSamplingMode" ] ]
          },
          "columnFractionLinear" : {
            "configKey" : "columnFractionPerTree"
          },
          "columnAbsolute" : {
            "configKey" : "columnAbsolutePerTree"
          },
          "attributeReuse" : {
            "configPaths" : [ [ "isUseDifferentAttributesAtEachNode" ] ]
          },
          "seed" : {
            "configPaths" : [ [ "seed" ] ]
          },
          "newSeed" : { },
          "hiliteCount" : {
            "configPaths" : [ [ "nrHilitePatterns" ] ]
          },
          "saveTargetDistributionInNodes" : {
            "configKey" : "saveTargetDistributionInNodes"
          },
          "gradientBoostingParams" : {
            "type" : "object",
            "properties" : {
              "learningRate" : {
                "configKey" : "learningRate"
              },
              "alpha" : {
                "configKey" : "alphaFraction"
              }
            },
            "propertiesRoute" : [ ".." ]
          }
        }
      }
    }
  },
  "initialUpdates" : [ {
    "scope" : "#/properties/model/properties/attributeColumns",
    "providedOptionName" : "possibleValues",
    "values" : [ {
      "indices" : [ ],
      "value" : [ {
        "id" : "Universe_1_1",
        "text" : "Universe_1_1",
        "type" : {
          "id" : "org.knime.core.data.DoubleValue",
          "text" : "Number (Float)"
        }
      }, {
        "id" : "Universe_0_0",
        "text" : "Universe_0_0",
        "type" : {
          "id" : "org.knime.core.data.DoubleValue",
          "text" : "Number (Float)"
        }
      }, {
        "id" : "Universe_0_1",
        "text" : "Universe_0_1",
        "type" : {
          "id" : "org.knime.core.data.DoubleValue",
          "text" : "Number (Float)"
        }
      }, {
        "id" : "Cluster Membership",
        "text" : "Cluster Membership",
        "type" : {
          "id" : "org.knime.core.data.StringValue",
          "text" : "String"
        }
      } ]
    } ]
  }, {
    "scope" : "#/properties/model/properties/hiliteCount",
    "providedOptionName" : "default",
    "values" : [ {
      "indices" : [ ],
      "value" : 2000
    } ]
  }, {
    "scope" : "#/properties/model/properties/maxTreeDepth",
    "providedOptionName" : "default",
    "values" : [ {
      "indices" : [ ],
      "value" : 4
    } ]
  }, {
    "scope" : "#/properties/model/properties/minNodeSizes/properties/minChildNodeSize",
    "providedOptionName" : "validation.max",
    "values" : [ {
      "indices" : [ ],
      "value" : null
    } ]
  }, {
    "scope" : "#/properties/model/properties/seed",
    "providedOptionName" : "default",
    "values" : [ {
      "indices" : [ ],
      "value" : "1764074296579"
    } ]
  }, {
    "scope" : "#/properties/model/properties/targetColumn",
    "providedOptionName" : "possibleValues",
    "values" : [ {
      "indices" : [ ],
      "value" : [ {
        "id" : "Universe_1_1",
        "text" : "Universe_1_1",
        "type" : {
          "id" : "org.knime.core.data.DoubleValue",
          "text" : "Number (Float)"
        }
      }, {
        "id" : "Universe_0_0",
        "text" : "Universe_0_0",
        "type" : {
          "id" : "org.knime.core.data.DoubleValue",
          "text" : "Number (Float)"
        }
      }, {
        "id" : "Universe_0_1",
        "text" : "Universe_0_1",
        "type" : {
          "id" : "org.knime.core.data.DoubleValue",
          "text" : "Number (Float)"
        }
      }, {
        "id" : "Universe_1_0",
        "text" : "Universe_1_0",
        "type" : {
          "id" : "org.knime.core.data.DoubleValue",
          "text" : "Number (Float)"
        }
      } ]
    } ]
  }, {
    "scope" : "#/properties/model/properties/trainingAttributes/properties/fingerprintColumn",
    "providedOptionName" : "possibleValues",
    "values" : [ {
      "indices" : [ ],
      "value" : [ ]
    } ]
  } ],
  "globalUpdates" : [ {
    "trigger" : {
      "id" : "after-open-dialog"
    },
    "triggerInitially" : true,
    "dependencies" : [ "#/properties/model/properties/targetColumn", "#/properties/model/properties/trainingAttributes/properties/fingerprintColumn" ]
  }, {
    "trigger" : {
      "id" : "org.knime.base.node.mine.treeensemble2.node.learner.parameters.AbstractTreeLearnerOptions$NewSeedButtonRef"
    },
    "dependencies" : [ ]
  }, {
    "trigger" : {
      "scope" : "#/properties/model/properties/minNodeSizes/properties/minNodeSize"
    },
    "dependencies" : [ "#/properties/model/properties/minNodeSizes/properties/minNodeSize" ]
  }, {
    "trigger" : {
      "scope" : "#/properties/model/properties/targetColumn"
    },
    "dependencies" : [ "#/properties/model/properties/targetColumn" ]
  } ]
}